------------------------------------------------------------
TimeQuest Timing Analyzer Summary
------------------------------------------------------------

Type  : Slow 1100mV 100C Model Setup 'emu|pll_jag_inst|pll_jag_inst|altera_pll_i|general[1].gpll~PLL_OUTPUT_COUNTER|divclk'
Slack : -12.148
TNS   : -455.657

Type  : Slow 1100mV 100C Model Setup 'pll_hdmi|pll_hdmi_inst|altera_pll_i|cyclonev_pll|counter[0].output_counter|divclk'
Slack : -11.696
TNS   : -1641.508

Type  : Slow 1100mV 100C Model Setup 'emu|pll_jag_inst|pll_jag_inst|altera_pll_i|general[0].gpll~PLL_OUTPUT_COUNTER|divclk'
Slack : -11.135
TNS   : -21255.805

Type  : Slow 1100mV 100C Model Setup 'sysmem|fpga_interfaces|clocks_resets|h2f_user0_clk'
Slack : -9.270
TNS   : -24.128

Type  : Slow 1100mV 100C Model Setup 'FPGA_CLK1_50'
Slack : -7.449
TNS   : -319.060

Type  : Slow 1100mV 100C Model Setup 'FPGA_CLK3_50'
Slack : -7.125
TNS   : -684.718

Type  : Slow 1100mV 100C Model Setup 'altera_reserved_tck'
Slack : 7.339
TNS   : 0.000

Type  : Slow 1100mV 100C Model Setup 'FPGA_CLK2_50'
Slack : 11.401
TNS   : 0.000

Type  : Slow 1100mV 100C Model Hold 'emu|pll_jag_inst|pll_jag_inst|altera_pll_i|general[0].gpll~PLL_OUTPUT_COUNTER|divclk'
Slack : -5.060
TNS   : -18.134

Type  : Slow 1100mV 100C Model Hold 'FPGA_CLK3_50'
Slack : 0.313
TNS   : 0.000

Type  : Slow 1100mV 100C Model Hold 'pll_hdmi|pll_hdmi_inst|altera_pll_i|cyclonev_pll|counter[0].output_counter|divclk'
Slack : 0.358
TNS   : 0.000

Type  : Slow 1100mV 100C Model Hold 'FPGA_CLK1_50'
Slack : 0.389
TNS   : 0.000

Type  : Slow 1100mV 100C Model Hold 'sysmem|fpga_interfaces|clocks_resets|h2f_user0_clk'
Slack : 0.416
TNS   : 0.000

Type  : Slow 1100mV 100C Model Hold 'altera_reserved_tck'
Slack : 0.432
TNS   : 0.000

Type  : Slow 1100mV 100C Model Hold 'FPGA_CLK2_50'
Slack : 0.436
TNS   : 0.000

Type  : Slow 1100mV 100C Model Hold 'emu|pll_jag_inst|pll_jag_inst|altera_pll_i|general[1].gpll~PLL_OUTPUT_COUNTER|divclk'
Slack : 0.461
TNS   : 0.000

Type  : Slow 1100mV 100C Model Recovery 'emu|pll_jag_inst|pll_jag_inst|altera_pll_i|general[0].gpll~PLL_OUTPUT_COUNTER|divclk'
Slack : -6.786
TNS   : -1061.827

Type  : Slow 1100mV 100C Model Recovery 'FPGA_CLK1_50'
Slack : 13.839
TNS   : 0.000

Type  : Slow 1100mV 100C Model Recovery 'FPGA_CLK3_50'
Slack : 15.705
TNS   : 0.000

Type  : Slow 1100mV 100C Model Recovery 'altera_reserved_tck'
Slack : 24.947
TNS   : 0.000

Type  : Slow 1100mV 100C Model Removal 'altera_reserved_tck'
Slack : 1.099
TNS   : 0.000

Type  : Slow 1100mV 100C Model Removal 'FPGA_CLK3_50'
Slack : 1.312
TNS   : 0.000

Type  : Slow 1100mV 100C Model Removal 'FPGA_CLK1_50'
Slack : 1.489
TNS   : 0.000

Type  : Slow 1100mV 100C Model Removal 'emu|pll_jag_inst|pll_jag_inst|altera_pll_i|general[0].gpll~PLL_OUTPUT_COUNTER|divclk'
Slack : 1.625
TNS   : 0.000

Type  : Slow 1100mV 100C Model Minimum Pulse Width 'emu|pll_jag_inst|pll_jag_inst|altera_pll_i|general[0].gpll~FRACTIONAL_PLL|vcoph[0]'
Slack : 0.427
TNS   : 0.000

Type  : Slow 1100mV 100C Model Minimum Pulse Width 'pll_hdmi|pll_hdmi_inst|altera_pll_i|cyclonev_pll|fpll_0|fpll|vcoph[0]'
Slack : 1.122
TNS   : 0.000

Type  : Slow 1100mV 100C Model Minimum Pulse Width 'pll_hdmi|pll_hdmi_inst|altera_pll_i|cyclonev_pll|counter[0].output_counter|divclk'
Slack : 1.966
TNS   : 0.000

Type  : Slow 1100mV 100C Model Minimum Pulse Width 'emu|pll_jag_inst|pll_jag_inst|altera_pll_i|general[1].gpll~PLL_OUTPUT_COUNTER|divclk'
Slack : 3.718
TNS   : 0.000

Type  : Slow 1100mV 100C Model Minimum Pulse Width 'sysmem|fpga_interfaces|clocks_resets|h2f_user0_clk'
Slack : 4.276
TNS   : 0.000

Type  : Slow 1100mV 100C Model Minimum Pulse Width 'emu|pll_jag_inst|pll_jag_inst|altera_pll_i|general[0].gpll~PLL_OUTPUT_COUNTER|divclk'
Slack : 7.946
TNS   : 0.000

Type  : Slow 1100mV 100C Model Minimum Pulse Width 'FPGA_CLK1_50'
Slack : 9.176
TNS   : 0.000

Type  : Slow 1100mV 100C Model Minimum Pulse Width 'FPGA_CLK2_50'
Slack : 9.178
TNS   : 0.000

Type  : Slow 1100mV 100C Model Minimum Pulse Width 'FPGA_CLK3_50'
Slack : 9.211
TNS   : 0.000

Type  : Slow 1100mV 100C Model Minimum Pulse Width 'altera_reserved_tck'
Slack : 15.403
TNS   : 0.000

Type  : Slow 1100mV -40C Model Setup 'pll_hdmi|pll_hdmi_inst|altera_pll_i|cyclonev_pll|counter[0].output_counter|divclk'
Slack : -12.111
TNS   : -1625.367

Type  : Slow 1100mV -40C Model Setup 'emu|pll_jag_inst|pll_jag_inst|altera_pll_i|general[1].gpll~PLL_OUTPUT_COUNTER|divclk'
Slack : -11.572
TNS   : -432.060

Type  : Slow 1100mV -40C Model Setup 'emu|pll_jag_inst|pll_jag_inst|altera_pll_i|general[0].gpll~PLL_OUTPUT_COUNTER|divclk'
Slack : -10.628
TNS   : -20073.762

Type  : Slow 1100mV -40C Model Setup 'sysmem|fpga_interfaces|clocks_resets|h2f_user0_clk'
Slack : -9.323
TNS   : -24.179

Type  : Slow 1100mV -40C Model Setup 'FPGA_CLK1_50'
Slack : -7.178
TNS   : -310.499

Type  : Slow 1100mV -40C Model Setup 'FPGA_CLK3_50'
Slack : -7.070
TNS   : -658.562

Type  : Slow 1100mV -40C Model Setup 'altera_reserved_tck'
Slack : 7.540
TNS   : 0.000

Type  : Slow 1100mV -40C Model Setup 'FPGA_CLK2_50'
Slack : 11.489
TNS   : 0.000

Type  : Slow 1100mV -40C Model Hold 'emu|pll_jag_inst|pll_jag_inst|altera_pll_i|general[0].gpll~PLL_OUTPUT_COUNTER|divclk'
Slack : -5.017
TNS   : -18.304

Type  : Slow 1100mV -40C Model Hold 'FPGA_CLK3_50'
Slack : 0.314
TNS   : 0.000

Type  : Slow 1100mV -40C Model Hold 'FPGA_CLK1_50'
Slack : 0.343
TNS   : 0.000

Type  : Slow 1100mV -40C Model Hold 'pll_hdmi|pll_hdmi_inst|altera_pll_i|cyclonev_pll|counter[0].output_counter|divclk'
Slack : 0.362
TNS   : 0.000

Type  : Slow 1100mV -40C Model Hold 'sysmem|fpga_interfaces|clocks_resets|h2f_user0_clk'
Slack : 0.439
TNS   : 0.000

Type  : Slow 1100mV -40C Model Hold 'FPGA_CLK2_50'
Slack : 0.455
TNS   : 0.000

Type  : Slow 1100mV -40C Model Hold 'altera_reserved_tck'
Slack : 0.486
TNS   : 0.000

Type  : Slow 1100mV -40C Model Hold 'emu|pll_jag_inst|pll_jag_inst|altera_pll_i|general[1].gpll~PLL_OUTPUT_COUNTER|divclk'
Slack : 0.500
TNS   : 0.000

Type  : Slow 1100mV -40C Model Recovery 'emu|pll_jag_inst|pll_jag_inst|altera_pll_i|general[0].gpll~PLL_OUTPUT_COUNTER|divclk'
Slack : -6.234
TNS   : -981.653

Type  : Slow 1100mV -40C Model Recovery 'FPGA_CLK1_50'
Slack : 14.129
TNS   : 0.000

Type  : Slow 1100mV -40C Model Recovery 'FPGA_CLK3_50'
Slack : 16.017
TNS   : 0.000

Type  : Slow 1100mV -40C Model Recovery 'altera_reserved_tck'
Slack : 25.048
TNS   : 0.000

Type  : Slow 1100mV -40C Model Removal 'FPGA_CLK3_50'
Slack : 1.052
TNS   : 0.000

Type  : Slow 1100mV -40C Model Removal 'altera_reserved_tck'
Slack : 1.064
TNS   : 0.000

Type  : Slow 1100mV -40C Model Removal 'emu|pll_jag_inst|pll_jag_inst|altera_pll_i|general[0].gpll~PLL_OUTPUT_COUNTER|divclk'
Slack : 1.270
TNS   : 0.000

Type  : Slow 1100mV -40C Model Removal 'FPGA_CLK1_50'
Slack : 1.413
TNS   : 0.000

Type  : Slow 1100mV -40C Model Minimum Pulse Width 'emu|pll_jag_inst|pll_jag_inst|altera_pll_i|general[0].gpll~FRACTIONAL_PLL|vcoph[0]'
Slack : 0.427
TNS   : 0.000

Type  : Slow 1100mV -40C Model Minimum Pulse Width 'pll_hdmi|pll_hdmi_inst|altera_pll_i|cyclonev_pll|fpll_0|fpll|vcoph[0]'
Slack : 1.122
TNS   : 0.000

Type  : Slow 1100mV -40C Model Minimum Pulse Width 'pll_hdmi|pll_hdmi_inst|altera_pll_i|cyclonev_pll|counter[0].output_counter|divclk'
Slack : 1.954
TNS   : 0.000

Type  : Slow 1100mV -40C Model Minimum Pulse Width 'emu|pll_jag_inst|pll_jag_inst|altera_pll_i|general[1].gpll~PLL_OUTPUT_COUNTER|divclk'
Slack : 3.721
TNS   : 0.000

Type  : Slow 1100mV -40C Model Minimum Pulse Width 'sysmem|fpga_interfaces|clocks_resets|h2f_user0_clk'
Slack : 4.196
TNS   : 0.000

Type  : Slow 1100mV -40C Model Minimum Pulse Width 'emu|pll_jag_inst|pll_jag_inst|altera_pll_i|general[0].gpll~PLL_OUTPUT_COUNTER|divclk'
Slack : 7.925
TNS   : 0.000

Type  : Slow 1100mV -40C Model Minimum Pulse Width 'FPGA_CLK1_50'
Slack : 9.285
TNS   : 0.000

Type  : Slow 1100mV -40C Model Minimum Pulse Width 'FPGA_CLK2_50'
Slack : 9.285
TNS   : 0.000

Type  : Slow 1100mV -40C Model Minimum Pulse Width 'FPGA_CLK3_50'
Slack : 9.322
TNS   : 0.000

Type  : Slow 1100mV -40C Model Minimum Pulse Width 'altera_reserved_tck'
Slack : 15.334
TNS   : 0.000

Type  : Fast 1100mV 100C Model Setup 'emu|pll_jag_inst|pll_jag_inst|altera_pll_i|general[0].gpll~PLL_OUTPUT_COUNTER|divclk'
Slack : -6.898
TNS   : -13496.392

Type  : Fast 1100mV 100C Model Setup 'emu|pll_jag_inst|pll_jag_inst|altera_pll_i|general[1].gpll~PLL_OUTPUT_COUNTER|divclk'
Slack : -6.837
TNS   : -272.674

Type  : Fast 1100mV 100C Model Setup 'pll_hdmi|pll_hdmi_inst|altera_pll_i|cyclonev_pll|counter[0].output_counter|divclk'
Slack : -6.153
TNS   : -854.051

Type  : Fast 1100mV 100C Model Setup 'sysmem|fpga_interfaces|clocks_resets|h2f_user0_clk'
Slack : -4.500
TNS   : -11.782

Type  : Fast 1100mV 100C Model Setup 'FPGA_CLK3_50'
Slack : -4.008
TNS   : -344.878

Type  : Fast 1100mV 100C Model Setup 'FPGA_CLK1_50'
Slack : -3.620
TNS   : -159.800

Type  : Fast 1100mV 100C Model Setup 'altera_reserved_tck'
Slack : 12.022
TNS   : 0.000

Type  : Fast 1100mV 100C Model Setup 'FPGA_CLK2_50'
Slack : 15.078
TNS   : 0.000

Type  : Fast 1100mV 100C Model Hold 'emu|pll_jag_inst|pll_jag_inst|altera_pll_i|general[0].gpll~PLL_OUTPUT_COUNTER|divclk'
Slack : -2.551
TNS   : -8.711

Type  : Fast 1100mV 100C Model Hold 'FPGA_CLK3_50'
Slack : 0.135
TNS   : 0.000

Type  : Fast 1100mV 100C Model Hold 'FPGA_CLK2_50'
Slack : 0.179
TNS   : 0.000

Type  : Fast 1100mV 100C Model Hold 'altera_reserved_tck'
Slack : 0.179
TNS   : 0.000

Type  : Fast 1100mV 100C Model Hold 'FPGA_CLK1_50'
Slack : 0.182
TNS   : 0.000

Type  : Fast 1100mV 100C Model Hold 'sysmem|fpga_interfaces|clocks_resets|h2f_user0_clk'
Slack : 0.182
TNS   : 0.000

Type  : Fast 1100mV 100C Model Hold 'emu|pll_jag_inst|pll_jag_inst|altera_pll_i|general[1].gpll~PLL_OUTPUT_COUNTER|divclk'
Slack : 0.185
TNS   : 0.000

Type  : Fast 1100mV 100C Model Hold 'pll_hdmi|pll_hdmi_inst|altera_pll_i|cyclonev_pll|counter[0].output_counter|divclk'
Slack : 0.203
TNS   : 0.000

Type  : Fast 1100mV 100C Model Recovery 'emu|pll_jag_inst|pll_jag_inst|altera_pll_i|general[0].gpll~PLL_OUTPUT_COUNTER|divclk'
Slack : -4.394
TNS   : -682.456

Type  : Fast 1100mV 100C Model Recovery 'FPGA_CLK1_50'
Slack : 16.355
TNS   : 0.000

Type  : Fast 1100mV 100C Model Recovery 'FPGA_CLK3_50'
Slack : 17.297
TNS   : 0.000

Type  : Fast 1100mV 100C Model Recovery 'altera_reserved_tck'
Slack : 28.949
TNS   : 0.000

Type  : Fast 1100mV 100C Model Removal 'altera_reserved_tck'
Slack : 0.506
TNS   : 0.000

Type  : Fast 1100mV 100C Model Removal 'FPGA_CLK3_50'
Slack : 0.654
TNS   : 0.000

Type  : Fast 1100mV 100C Model Removal 'FPGA_CLK1_50'
Slack : 0.724
TNS   : 0.000

Type  : Fast 1100mV 100C Model Removal 'emu|pll_jag_inst|pll_jag_inst|altera_pll_i|general[0].gpll~PLL_OUTPUT_COUNTER|divclk'
Slack : 1.003
TNS   : 0.000

Type  : Fast 1100mV 100C Model Minimum Pulse Width 'emu|pll_jag_inst|pll_jag_inst|altera_pll_i|general[0].gpll~FRACTIONAL_PLL|vcoph[0]'
Slack : 0.427
TNS   : 0.000

Type  : Fast 1100mV 100C Model Minimum Pulse Width 'pll_hdmi|pll_hdmi_inst|altera_pll_i|cyclonev_pll|fpll_0|fpll|vcoph[0]'
Slack : 1.122
TNS   : 0.000

Type  : Fast 1100mV 100C Model Minimum Pulse Width 'pll_hdmi|pll_hdmi_inst|altera_pll_i|cyclonev_pll|counter[0].output_counter|divclk'
Slack : 2.258
TNS   : 0.000

Type  : Fast 1100mV 100C Model Minimum Pulse Width 'emu|pll_jag_inst|pll_jag_inst|altera_pll_i|general[1].gpll~PLL_OUTPUT_COUNTER|divclk'
Slack : 4.216
TNS   : 0.000

Type  : Fast 1100mV 100C Model Minimum Pulse Width 'sysmem|fpga_interfaces|clocks_resets|h2f_user0_clk'
Slack : 4.570
TNS   : 0.000

Type  : Fast 1100mV 100C Model Minimum Pulse Width 'emu|pll_jag_inst|pll_jag_inst|altera_pll_i|general[0].gpll~PLL_OUTPUT_COUNTER|divclk'
Slack : 8.273
TNS   : 0.000

Type  : Fast 1100mV 100C Model Minimum Pulse Width 'FPGA_CLK2_50'
Slack : 9.107
TNS   : 0.000

Type  : Fast 1100mV 100C Model Minimum Pulse Width 'FPGA_CLK1_50'
Slack : 9.108
TNS   : 0.000

Type  : Fast 1100mV 100C Model Minimum Pulse Width 'FPGA_CLK3_50'
Slack : 9.136
TNS   : 0.000

Type  : Fast 1100mV 100C Model Minimum Pulse Width 'altera_reserved_tck'
Slack : 14.999
TNS   : 0.000

Type  : Fast 1100mV -40C Model Setup 'emu|pll_jag_inst|pll_jag_inst|altera_pll_i|general[0].gpll~PLL_OUTPUT_COUNTER|divclk'
Slack : -5.580
TNS   : -10721.418

Type  : Fast 1100mV -40C Model Setup 'emu|pll_jag_inst|pll_jag_inst|altera_pll_i|general[1].gpll~PLL_OUTPUT_COUNTER|divclk'
Slack : -5.565
TNS   : -216.243

Type  : Fast 1100mV -40C Model Setup 'pll_hdmi|pll_hdmi_inst|altera_pll_i|cyclonev_pll|counter[0].output_counter|divclk'
Slack : -5.408
TNS   : -752.701

Type  : Fast 1100mV -40C Model Setup 'sysmem|fpga_interfaces|clocks_resets|h2f_user0_clk'
Slack : -4.171
TNS   : -10.996

Type  : Fast 1100mV -40C Model Setup 'FPGA_CLK3_50'
Slack : -3.472
TNS   : -313.485

Type  : Fast 1100mV -40C Model Setup 'FPGA_CLK1_50'
Slack : -3.351
TNS   : -150.123

Type  : Fast 1100mV -40C Model Setup 'altera_reserved_tck'
Slack : 12.954
TNS   : 0.000

Type  : Fast 1100mV -40C Model Setup 'FPGA_CLK2_50'
Slack : 15.824
TNS   : 0.000

Type  : Fast 1100mV -40C Model Hold 'emu|pll_jag_inst|pll_jag_inst|altera_pll_i|general[0].gpll~PLL_OUTPUT_COUNTER|divclk'
Slack : -2.424
TNS   : -9.731

Type  : Fast 1100mV -40C Model Hold 'FPGA_CLK3_50'
Slack : 0.113
TNS   : 0.000

Type  : Fast 1100mV -40C Model Hold 'pll_hdmi|pll_hdmi_inst|altera_pll_i|cyclonev_pll|counter[0].output_counter|divclk'
Slack : 0.152
TNS   : 0.000

Type  : Fast 1100mV -40C Model Hold 'emu|pll_jag_inst|pll_jag_inst|altera_pll_i|general[1].gpll~PLL_OUTPUT_COUNTER|divclk'
Slack : 0.163
TNS   : 0.000

Type  : Fast 1100mV -40C Model Hold 'altera_reserved_tck'
Slack : 0.165
TNS   : 0.000

Type  : Fast 1100mV -40C Model Hold 'FPGA_CLK2_50'
Slack : 0.166
TNS   : 0.000

Type  : Fast 1100mV -40C Model Hold 'FPGA_CLK1_50'
Slack : 0.167
TNS   : 0.000

Type  : Fast 1100mV -40C Model Hold 'sysmem|fpga_interfaces|clocks_resets|h2f_user0_clk'
Slack : 0.168
TNS   : 0.000

Type  : Fast 1100mV -40C Model Recovery 'emu|pll_jag_inst|pll_jag_inst|altera_pll_i|general[0].gpll~PLL_OUTPUT_COUNTER|divclk'
Slack : -3.464
TNS   : -535.087

Type  : Fast 1100mV -40C Model Recovery 'FPGA_CLK1_50'
Slack : 16.962
TNS   : 0.000

Type  : Fast 1100mV -40C Model Recovery 'FPGA_CLK3_50'
Slack : 17.841
TNS   : 0.000

Type  : Fast 1100mV -40C Model Recovery 'altera_reserved_tck'
Slack : 29.337
TNS   : 0.000

Type  : Fast 1100mV -40C Model Removal 'FPGA_CLK3_50'
Slack : 0.374
TNS   : 0.000

Type  : Fast 1100mV -40C Model Removal 'altera_reserved_tck'
Slack : 0.439
TNS   : 0.000

Type  : Fast 1100mV -40C Model Removal 'emu|pll_jag_inst|pll_jag_inst|altera_pll_i|general[0].gpll~PLL_OUTPUT_COUNTER|divclk'
Slack : 0.476
TNS   : 0.000

Type  : Fast 1100mV -40C Model Removal 'FPGA_CLK1_50'
Slack : 0.614
TNS   : 0.000

Type  : Fast 1100mV -40C Model Minimum Pulse Width 'emu|pll_jag_inst|pll_jag_inst|altera_pll_i|general[0].gpll~FRACTIONAL_PLL|vcoph[0]'
Slack : 0.427
TNS   : 0.000

Type  : Fast 1100mV -40C Model Minimum Pulse Width 'pll_hdmi|pll_hdmi_inst|altera_pll_i|cyclonev_pll|fpll_0|fpll|vcoph[0]'
Slack : 1.122
TNS   : 0.000

Type  : Fast 1100mV -40C Model Minimum Pulse Width 'pll_hdmi|pll_hdmi_inst|altera_pll_i|cyclonev_pll|counter[0].output_counter|divclk'
Slack : 2.261
TNS   : 0.000

Type  : Fast 1100mV -40C Model Minimum Pulse Width 'emu|pll_jag_inst|pll_jag_inst|altera_pll_i|general[1].gpll~PLL_OUTPUT_COUNTER|divclk'
Slack : 4.221
TNS   : 0.000

Type  : Fast 1100mV -40C Model Minimum Pulse Width 'sysmem|fpga_interfaces|clocks_resets|h2f_user0_clk'
Slack : 4.556
TNS   : 0.000

Type  : Fast 1100mV -40C Model Minimum Pulse Width 'emu|pll_jag_inst|pll_jag_inst|altera_pll_i|general[0].gpll~PLL_OUTPUT_COUNTER|divclk'
Slack : 8.281
TNS   : 0.000

Type  : Fast 1100mV -40C Model Minimum Pulse Width 'FPGA_CLK2_50'
Slack : 9.048
TNS   : 0.000

Type  : Fast 1100mV -40C Model Minimum Pulse Width 'FPGA_CLK1_50'
Slack : 9.049
TNS   : 0.000

Type  : Fast 1100mV -40C Model Minimum Pulse Width 'FPGA_CLK3_50'
Slack : 9.074
TNS   : 0.000

Type  : Fast 1100mV -40C Model Minimum Pulse Width 'altera_reserved_tck'
Slack : 14.876
TNS   : 0.000

------------------------------------------------------------
