------------------------------------------------------------
TimeQuest Timing Analyzer Summary
------------------------------------------------------------

Type  : Slow 1100mV 100C Model Setup 'emu|pll_jag_inst|pll_jag_inst|altera_pll_i|general[0].gpll~PLL_OUTPUT_COUNTER|divclk'
Slack : -12.771
TNS   : -21897.932

Type  : Slow 1100mV 100C Model Setup 'pll_hdmi|pll_hdmi_inst|altera_pll_i|cyclonev_pll|counter[0].output_counter|divclk'
Slack : -11.979
TNS   : -1729.664

Type  : Slow 1100mV 100C Model Setup 'emu|pll_jag_inst|pll_jag_inst|altera_pll_i|general[1].gpll~PLL_OUTPUT_COUNTER|divclk'
Slack : -11.315
TNS   : -461.746

Type  : Slow 1100mV 100C Model Setup 'sysmem|fpga_interfaces|clocks_resets|h2f_user0_clk'
Slack : -9.565
TNS   : -25.000

Type  : Slow 1100mV 100C Model Setup 'FPGA_CLK1_50'
Slack : -6.638
TNS   : -285.969

Type  : Slow 1100mV 100C Model Setup 'FPGA_CLK3_50'
Slack : -6.436
TNS   : -626.283

Type  : Slow 1100mV 100C Model Setup 'altera_reserved_tck'
Slack : 6.463
TNS   : 0.000

Type  : Slow 1100mV 100C Model Setup 'FPGA_CLK2_50'
Slack : 11.075
TNS   : 0.000

Type  : Slow 1100mV 100C Model Hold 'emu|pll_jag_inst|pll_jag_inst|altera_pll_i|general[0].gpll~PLL_OUTPUT_COUNTER|divclk'
Slack : -4.274
TNS   : -21.730

Type  : Slow 1100mV 100C Model Hold 'FPGA_CLK3_50'
Slack : 0.313
TNS   : 0.000

Type  : Slow 1100mV 100C Model Hold 'FPGA_CLK2_50'
Slack : 0.346
TNS   : 0.000

Type  : Slow 1100mV 100C Model Hold 'FPGA_CLK1_50'
Slack : 0.397
TNS   : 0.000

Type  : Slow 1100mV 100C Model Hold 'sysmem|fpga_interfaces|clocks_resets|h2f_user0_clk'
Slack : 0.417
TNS   : 0.000

Type  : Slow 1100mV 100C Model Hold 'altera_reserved_tck'
Slack : 0.432
TNS   : 0.000

Type  : Slow 1100mV 100C Model Hold 'pll_hdmi|pll_hdmi_inst|altera_pll_i|cyclonev_pll|counter[0].output_counter|divclk'
Slack : 0.435
TNS   : 0.000

Type  : Slow 1100mV 100C Model Hold 'emu|pll_jag_inst|pll_jag_inst|altera_pll_i|general[1].gpll~PLL_OUTPUT_COUNTER|divclk'
Slack : 0.460
TNS   : 0.000

Type  : Slow 1100mV 100C Model Recovery 'emu|pll_jag_inst|pll_jag_inst|altera_pll_i|general[0].gpll~PLL_OUTPUT_COUNTER|divclk'
Slack : -7.118
TNS   : -309.362

Type  : Slow 1100mV 100C Model Recovery 'FPGA_CLK1_50'
Slack : 14.460
TNS   : 0.000

Type  : Slow 1100mV 100C Model Recovery 'FPGA_CLK3_50'
Slack : 15.292
TNS   : 0.000

Type  : Slow 1100mV 100C Model Recovery 'altera_reserved_tck'
Slack : 25.447
TNS   : 0.000

Type  : Slow 1100mV 100C Model Removal 'altera_reserved_tck'
Slack : 1.066
TNS   : 0.000

Type  : Slow 1100mV 100C Model Removal 'FPGA_CLK1_50'
Slack : 1.420
TNS   : 0.000

Type  : Slow 1100mV 100C Model Removal 'FPGA_CLK3_50'
Slack : 1.526
TNS   : 0.000

Type  : Slow 1100mV 100C Model Removal 'emu|pll_jag_inst|pll_jag_inst|altera_pll_i|general[0].gpll~PLL_OUTPUT_COUNTER|divclk'
Slack : 1.842
TNS   : 0.000

Type  : Slow 1100mV 100C Model Minimum Pulse Width 'emu|pll_jag_inst|pll_jag_inst|altera_pll_i|general[0].gpll~FRACTIONAL_PLL|vcoph[0]'
Slack : 0.320
TNS   : 0.000

Type  : Slow 1100mV 100C Model Minimum Pulse Width 'pll_hdmi|pll_hdmi_inst|altera_pll_i|cyclonev_pll|fpll_0|fpll|vcoph[0]'
Slack : 1.122
TNS   : 0.000

Type  : Slow 1100mV 100C Model Minimum Pulse Width 'pll_hdmi|pll_hdmi_inst|altera_pll_i|cyclonev_pll|counter[0].output_counter|divclk'
Slack : 1.956
TNS   : 0.000

Type  : Slow 1100mV 100C Model Minimum Pulse Width 'emu|pll_jag_inst|pll_jag_inst|altera_pll_i|general[1].gpll~PLL_OUTPUT_COUNTER|divclk'
Slack : 3.825
TNS   : 0.000

Type  : Slow 1100mV 100C Model Minimum Pulse Width 'sysmem|fpga_interfaces|clocks_resets|h2f_user0_clk'
Slack : 4.285
TNS   : 0.000

Type  : Slow 1100mV 100C Model Minimum Pulse Width 'emu|pll_jag_inst|pll_jag_inst|altera_pll_i|general[0].gpll~PLL_OUTPUT_COUNTER|divclk'
Slack : 8.160
TNS   : 0.000

Type  : Slow 1100mV 100C Model Minimum Pulse Width 'FPGA_CLK1_50'
Slack : 9.176
TNS   : 0.000

Type  : Slow 1100mV 100C Model Minimum Pulse Width 'FPGA_CLK2_50'
Slack : 9.177
TNS   : 0.000

Type  : Slow 1100mV 100C Model Minimum Pulse Width 'FPGA_CLK3_50'
Slack : 9.215
TNS   : 0.000

Type  : Slow 1100mV 100C Model Minimum Pulse Width 'altera_reserved_tck'
Slack : 15.410
TNS   : 0.000

Type  : Slow 1100mV -40C Model Setup 'pll_hdmi|pll_hdmi_inst|altera_pll_i|cyclonev_pll|counter[0].output_counter|divclk'
Slack : -12.509
TNS   : -1699.787

Type  : Slow 1100mV -40C Model Setup 'emu|pll_jag_inst|pll_jag_inst|altera_pll_i|general[0].gpll~PLL_OUTPUT_COUNTER|divclk'
Slack : -12.045
TNS   : -20506.236

Type  : Slow 1100mV -40C Model Setup 'emu|pll_jag_inst|pll_jag_inst|altera_pll_i|general[1].gpll~PLL_OUTPUT_COUNTER|divclk'
Slack : -10.743
TNS   : -439.890

Type  : Slow 1100mV -40C Model Setup 'sysmem|fpga_interfaces|clocks_resets|h2f_user0_clk'
Slack : -9.643
TNS   : -24.999

Type  : Slow 1100mV -40C Model Setup 'FPGA_CLK1_50'
Slack : -6.447
TNS   : -278.595

Type  : Slow 1100mV -40C Model Setup 'FPGA_CLK3_50'
Slack : -6.183
TNS   : -599.264

Type  : Slow 1100mV -40C Model Setup 'altera_reserved_tck'
Slack : 6.921
TNS   : 0.000

Type  : Slow 1100mV -40C Model Setup 'FPGA_CLK2_50'
Slack : 11.242
TNS   : 0.000

Type  : Slow 1100mV -40C Model Hold 'emu|pll_jag_inst|pll_jag_inst|altera_pll_i|general[0].gpll~PLL_OUTPUT_COUNTER|divclk'
Slack : -4.164
TNS   : -21.918

Type  : Slow 1100mV -40C Model Hold 'FPGA_CLK3_50'
Slack : 0.296
TNS   : 0.000

Type  : Slow 1100mV -40C Model Hold 'FPGA_CLK2_50'
Slack : 0.335
TNS   : 0.000

Type  : Slow 1100mV -40C Model Hold 'FPGA_CLK1_50'
Slack : 0.409
TNS   : 0.000

Type  : Slow 1100mV -40C Model Hold 'emu|pll_jag_inst|pll_jag_inst|altera_pll_i|general[1].gpll~PLL_OUTPUT_COUNTER|divclk'
Slack : 0.430
TNS   : 0.000

Type  : Slow 1100mV -40C Model Hold 'sysmem|fpga_interfaces|clocks_resets|h2f_user0_clk'
Slack : 0.438
TNS   : 0.000

Type  : Slow 1100mV -40C Model Hold 'pll_hdmi|pll_hdmi_inst|altera_pll_i|cyclonev_pll|counter[0].output_counter|divclk'
Slack : 0.455
TNS   : 0.000

Type  : Slow 1100mV -40C Model Hold 'altera_reserved_tck'
Slack : 0.486
TNS   : 0.000

Type  : Slow 1100mV -40C Model Recovery 'emu|pll_jag_inst|pll_jag_inst|altera_pll_i|general[0].gpll~PLL_OUTPUT_COUNTER|divclk'
Slack : -6.401
TNS   : -279.219

Type  : Slow 1100mV -40C Model Recovery 'FPGA_CLK1_50'
Slack : 14.647
TNS   : 0.000

Type  : Slow 1100mV -40C Model Recovery 'FPGA_CLK3_50'
Slack : 15.696
TNS   : 0.000

Type  : Slow 1100mV -40C Model Recovery 'altera_reserved_tck'
Slack : 25.489
TNS   : 0.000

Type  : Slow 1100mV -40C Model Removal 'altera_reserved_tck'
Slack : 1.036
TNS   : 0.000

Type  : Slow 1100mV -40C Model Removal 'FPGA_CLK3_50'
Slack : 1.227
TNS   : 0.000

Type  : Slow 1100mV -40C Model Removal 'emu|pll_jag_inst|pll_jag_inst|altera_pll_i|general[0].gpll~PLL_OUTPUT_COUNTER|divclk'
Slack : 1.332
TNS   : 0.000

Type  : Slow 1100mV -40C Model Removal 'FPGA_CLK1_50'
Slack : 1.344
TNS   : 0.000

Type  : Slow 1100mV -40C Model Minimum Pulse Width 'emu|pll_jag_inst|pll_jag_inst|altera_pll_i|general[0].gpll~FRACTIONAL_PLL|vcoph[0]'
Slack : 0.320
TNS   : 0.000

Type  : Slow 1100mV -40C Model Minimum Pulse Width 'pll_hdmi|pll_hdmi_inst|altera_pll_i|cyclonev_pll|fpll_0|fpll|vcoph[0]'
Slack : 1.122
TNS   : 0.000

Type  : Slow 1100mV -40C Model Minimum Pulse Width 'pll_hdmi|pll_hdmi_inst|altera_pll_i|cyclonev_pll|counter[0].output_counter|divclk'
Slack : 1.950
TNS   : 0.000

Type  : Slow 1100mV -40C Model Minimum Pulse Width 'emu|pll_jag_inst|pll_jag_inst|altera_pll_i|general[1].gpll~PLL_OUTPUT_COUNTER|divclk'
Slack : 3.828
TNS   : 0.000

Type  : Slow 1100mV -40C Model Minimum Pulse Width 'sysmem|fpga_interfaces|clocks_resets|h2f_user0_clk'
Slack : 4.195
TNS   : 0.000

Type  : Slow 1100mV -40C Model Minimum Pulse Width 'emu|pll_jag_inst|pll_jag_inst|altera_pll_i|general[0].gpll~PLL_OUTPUT_COUNTER|divclk'
Slack : 8.144
TNS   : 0.000

Type  : Slow 1100mV -40C Model Minimum Pulse Width 'FPGA_CLK2_50'
Slack : 9.285
TNS   : 0.000

Type  : Slow 1100mV -40C Model Minimum Pulse Width 'FPGA_CLK1_50'
Slack : 9.287
TNS   : 0.000

Type  : Slow 1100mV -40C Model Minimum Pulse Width 'FPGA_CLK3_50'
Slack : 9.309
TNS   : 0.000

Type  : Slow 1100mV -40C Model Minimum Pulse Width 'altera_reserved_tck'
Slack : 15.408
TNS   : 0.000

Type  : Fast 1100mV 100C Model Setup 'emu|pll_jag_inst|pll_jag_inst|altera_pll_i|general[0].gpll~PLL_OUTPUT_COUNTER|divclk'
Slack : -8.075
TNS   : -14105.057

Type  : Fast 1100mV 100C Model Setup 'emu|pll_jag_inst|pll_jag_inst|altera_pll_i|general[1].gpll~PLL_OUTPUT_COUNTER|divclk'
Slack : -6.523
TNS   : -287.645

Type  : Fast 1100mV 100C Model Setup 'pll_hdmi|pll_hdmi_inst|altera_pll_i|cyclonev_pll|counter[0].output_counter|divclk'
Slack : -6.373
TNS   : -879.593

Type  : Fast 1100mV 100C Model Setup 'sysmem|fpga_interfaces|clocks_resets|h2f_user0_clk'
Slack : -4.620
TNS   : -12.270

Type  : Fast 1100mV 100C Model Setup 'FPGA_CLK3_50'
Slack : -3.342
TNS   : -285.206

Type  : Fast 1100mV 100C Model Setup 'FPGA_CLK1_50'
Slack : -2.907
TNS   : -128.072

Type  : Fast 1100mV 100C Model Setup 'altera_reserved_tck'
Slack : 10.879
TNS   : 0.000

Type  : Fast 1100mV 100C Model Setup 'FPGA_CLK2_50'
Slack : 14.477
TNS   : 0.000

Type  : Fast 1100mV 100C Model Hold 'emu|pll_jag_inst|pll_jag_inst|altera_pll_i|general[0].gpll~PLL_OUTPUT_COUNTER|divclk'
Slack : -2.223
TNS   : -11.116

Type  : Fast 1100mV 100C Model Hold 'FPGA_CLK3_50'
Slack : 0.156
TNS   : 0.000

Type  : Fast 1100mV 100C Model Hold 'altera_reserved_tck'
Slack : 0.179
TNS   : 0.000

Type  : Fast 1100mV 100C Model Hold 'FPGA_CLK1_50'
Slack : 0.181
TNS   : 0.000

Type  : Fast 1100mV 100C Model Hold 'sysmem|fpga_interfaces|clocks_resets|h2f_user0_clk'
Slack : 0.184
TNS   : 0.000

Type  : Fast 1100mV 100C Model Hold 'emu|pll_jag_inst|pll_jag_inst|altera_pll_i|general[1].gpll~PLL_OUTPUT_COUNTER|divclk'
Slack : 0.185
TNS   : 0.000

Type  : Fast 1100mV 100C Model Hold 'FPGA_CLK2_50'
Slack : 0.186
TNS   : 0.000

Type  : Fast 1100mV 100C Model Hold 'pll_hdmi|pll_hdmi_inst|altera_pll_i|cyclonev_pll|counter[0].output_counter|divclk'
Slack : 0.202
TNS   : 0.000

Type  : Fast 1100mV 100C Model Recovery 'emu|pll_jag_inst|pll_jag_inst|altera_pll_i|general[0].gpll~PLL_OUTPUT_COUNTER|divclk'
Slack : -4.818
TNS   : -208.269

Type  : Fast 1100mV 100C Model Recovery 'FPGA_CLK1_50'
Slack : 16.749
TNS   : 0.000

Type  : Fast 1100mV 100C Model Recovery 'FPGA_CLK3_50'
Slack : 16.870
TNS   : 0.000

Type  : Fast 1100mV 100C Model Recovery 'altera_reserved_tck'
Slack : 28.841
TNS   : 0.000

Type  : Fast 1100mV 100C Model Removal 'altera_reserved_tck'
Slack : 0.516
TNS   : 0.000

Type  : Fast 1100mV 100C Model Removal 'FPGA_CLK1_50'
Slack : 0.744
TNS   : 0.000

Type  : Fast 1100mV 100C Model Removal 'FPGA_CLK3_50'
Slack : 0.927
TNS   : 0.000

Type  : Fast 1100mV 100C Model Removal 'emu|pll_jag_inst|pll_jag_inst|altera_pll_i|general[0].gpll~PLL_OUTPUT_COUNTER|divclk'
Slack : 1.188
TNS   : 0.000

Type  : Fast 1100mV 100C Model Minimum Pulse Width 'emu|pll_jag_inst|pll_jag_inst|altera_pll_i|general[0].gpll~FRACTIONAL_PLL|vcoph[0]'
Slack : 0.320
TNS   : 0.000

Type  : Fast 1100mV 100C Model Minimum Pulse Width 'pll_hdmi|pll_hdmi_inst|altera_pll_i|cyclonev_pll|fpll_0|fpll|vcoph[0]'
Slack : 1.122
TNS   : 0.000

Type  : Fast 1100mV 100C Model Minimum Pulse Width 'pll_hdmi|pll_hdmi_inst|altera_pll_i|cyclonev_pll|counter[0].output_counter|divclk'
Slack : 2.251
TNS   : 0.000

Type  : Fast 1100mV 100C Model Minimum Pulse Width 'emu|pll_jag_inst|pll_jag_inst|altera_pll_i|general[1].gpll~PLL_OUTPUT_COUNTER|divclk'
Slack : 4.323
TNS   : 0.000

Type  : Fast 1100mV 100C Model Minimum Pulse Width 'sysmem|fpga_interfaces|clocks_resets|h2f_user0_clk'
Slack : 4.574
TNS   : 0.000

Type  : Fast 1100mV 100C Model Minimum Pulse Width 'emu|pll_jag_inst|pll_jag_inst|altera_pll_i|general[0].gpll~PLL_OUTPUT_COUNTER|divclk'
Slack : 8.474
TNS   : 0.000

Type  : Fast 1100mV 100C Model Minimum Pulse Width 'FPGA_CLK1_50'
Slack : 9.107
TNS   : 0.000

Type  : Fast 1100mV 100C Model Minimum Pulse Width 'FPGA_CLK2_50'
Slack : 9.108
TNS   : 0.000

Type  : Fast 1100mV 100C Model Minimum Pulse Width 'FPGA_CLK3_50'
Slack : 9.136
TNS   : 0.000

Type  : Fast 1100mV 100C Model Minimum Pulse Width 'altera_reserved_tck'
Slack : 14.952
TNS   : 0.000

Type  : Fast 1100mV -40C Model Setup 'emu|pll_jag_inst|pll_jag_inst|altera_pll_i|general[0].gpll~PLL_OUTPUT_COUNTER|divclk'
Slack : -6.491
TNS   : -11145.399

Type  : Fast 1100mV -40C Model Setup 'pll_hdmi|pll_hdmi_inst|altera_pll_i|cyclonev_pll|counter[0].output_counter|divclk'
Slack : -5.661
TNS   : -784.043

Type  : Fast 1100mV -40C Model Setup 'emu|pll_jag_inst|pll_jag_inst|altera_pll_i|general[1].gpll~PLL_OUTPUT_COUNTER|divclk'
Slack : -5.269
TNS   : -226.727

Type  : Fast 1100mV -40C Model Setup 'sysmem|fpga_interfaces|clocks_resets|h2f_user0_clk'
Slack : -4.296
TNS   : -11.432

Type  : Fast 1100mV -40C Model Setup 'FPGA_CLK3_50'
Slack : -2.856
TNS   : -252.732

Type  : Fast 1100mV -40C Model Setup 'FPGA_CLK1_50'
Slack : -2.671
TNS   : -119.204

Type  : Fast 1100mV -40C Model Setup 'altera_reserved_tck'
Slack : 12.134
TNS   : 0.000

Type  : Fast 1100mV -40C Model Setup 'FPGA_CLK2_50'
Slack : 15.424
TNS   : 0.000

Type  : Fast 1100mV -40C Model Hold 'emu|pll_jag_inst|pll_jag_inst|altera_pll_i|general[0].gpll~PLL_OUTPUT_COUNTER|divclk'
Slack : -2.116
TNS   : -13.190

Type  : Fast 1100mV -40C Model Hold 'emu|pll_jag_inst|pll_jag_inst|altera_pll_i|general[1].gpll~PLL_OUTPUT_COUNTER|divclk'
Slack : 0.119
TNS   : 0.000

Type  : Fast 1100mV -40C Model Hold 'FPGA_CLK3_50'
Slack : 0.122
TNS   : 0.000

Type  : Fast 1100mV -40C Model Hold 'FPGA_CLK2_50'
Slack : 0.158
TNS   : 0.000

Type  : Fast 1100mV -40C Model Hold 'altera_reserved_tck'
Slack : 0.164
TNS   : 0.000

Type  : Fast 1100mV -40C Model Hold 'FPGA_CLK1_50'
Slack : 0.166
TNS   : 0.000

Type  : Fast 1100mV -40C Model Hold 'sysmem|fpga_interfaces|clocks_resets|h2f_user0_clk'
Slack : 0.172
TNS   : 0.000

Type  : Fast 1100mV -40C Model Hold 'pll_hdmi|pll_hdmi_inst|altera_pll_i|cyclonev_pll|counter[0].output_counter|divclk'
Slack : 0.187
TNS   : 0.000

Type  : Fast 1100mV -40C Model Recovery 'emu|pll_jag_inst|pll_jag_inst|altera_pll_i|general[0].gpll~PLL_OUTPUT_COUNTER|divclk'
Slack : -3.721
TNS   : -161.293

Type  : Fast 1100mV -40C Model Recovery 'FPGA_CLK1_50'
Slack : 17.241
TNS   : 0.000

Type  : Fast 1100mV -40C Model Recovery 'FPGA_CLK3_50'
Slack : 17.550
TNS   : 0.000

Type  : Fast 1100mV -40C Model Recovery 'altera_reserved_tck'
Slack : 29.589
TNS   : 0.000

Type  : Fast 1100mV -40C Model Removal 'altera_reserved_tck'
Slack : 0.438
TNS   : 0.000

Type  : Fast 1100mV -40C Model Removal 'FPGA_CLK3_50'
Slack : 0.612
TNS   : 0.000

Type  : Fast 1100mV -40C Model Removal 'emu|pll_jag_inst|pll_jag_inst|altera_pll_i|general[0].gpll~PLL_OUTPUT_COUNTER|divclk'
Slack : 0.627
TNS   : 0.000

Type  : Fast 1100mV -40C Model Removal 'FPGA_CLK1_50'
Slack : 0.637
TNS   : 0.000

Type  : Fast 1100mV -40C Model Minimum Pulse Width 'emu|pll_jag_inst|pll_jag_inst|altera_pll_i|general[0].gpll~FRACTIONAL_PLL|vcoph[0]'
Slack : 0.320
TNS   : 0.000

Type  : Fast 1100mV -40C Model Minimum Pulse Width 'pll_hdmi|pll_hdmi_inst|altera_pll_i|cyclonev_pll|fpll_0|fpll|vcoph[0]'
Slack : 1.122
TNS   : 0.000

Type  : Fast 1100mV -40C Model Minimum Pulse Width 'pll_hdmi|pll_hdmi_inst|altera_pll_i|cyclonev_pll|counter[0].output_counter|divclk'
Slack : 2.260
TNS   : 0.000

Type  : Fast 1100mV -40C Model Minimum Pulse Width 'emu|pll_jag_inst|pll_jag_inst|altera_pll_i|general[1].gpll~PLL_OUTPUT_COUNTER|divclk'
Slack : 4.328
TNS   : 0.000

Type  : Fast 1100mV -40C Model Minimum Pulse Width 'sysmem|fpga_interfaces|clocks_resets|h2f_user0_clk'
Slack : 4.560
TNS   : 0.000

Type  : Fast 1100mV -40C Model Minimum Pulse Width 'emu|pll_jag_inst|pll_jag_inst|altera_pll_i|general[0].gpll~PLL_OUTPUT_COUNTER|divclk'
Slack : 8.495
TNS   : 0.000

Type  : Fast 1100mV -40C Model Minimum Pulse Width 'FPGA_CLK1_50'
Slack : 9.048
TNS   : 0.000

Type  : Fast 1100mV -40C Model Minimum Pulse Width 'FPGA_CLK2_50'
Slack : 9.048
TNS   : 0.000

Type  : Fast 1100mV -40C Model Minimum Pulse Width 'FPGA_CLK3_50'
Slack : 9.072
TNS   : 0.000

Type  : Fast 1100mV -40C Model Minimum Pulse Width 'altera_reserved_tck'
Slack : 14.904
TNS   : 0.000

------------------------------------------------------------
